Renesas Optimizing Linker (W2.06.00 )             06-Aug-2017 21:54:49

*** Options ***

-subcommand=LinkerSubCommand.tmp
-input="./src/cg_src/r_cg_cgc.obj"
-input="./src/cg_src/r_cg_cgc_user.obj"
-input="./src/cg_src/r_cg_cmt.obj"
-input="./src/cg_src/r_cg_cmt_user.obj"
-input="./src/cg_src/r_cg_dbsct.obj"
-input="./src/cg_src/r_cg_hardware_setup.obj"
-input="./src/cg_src/r_cg_icu.obj"
-input="./src/cg_src/r_cg_icu_user.obj"
-input="./src/cg_src/r_cg_intprg.obj"
-input="./src/cg_src/r_cg_main.obj"
-input="./src/cg_src/r_cg_port.obj"
-input="./src/cg_src/r_cg_port_user.obj"
-input="./src/cg_src/r_cg_resetprg.obj"
-input="./src/cg_src/r_cg_sbrk.obj"
-input="./src/cg_src/r_cg_sci.obj"
-input="./src/cg_src/r_cg_sci_user.obj"
-input="./src/cg_src/r_cg_vecttbl.obj"
-input="./src/delay/delay.obj"
-input="./src/ov7670/camera.obj"
-input="./src/ov7670/sccb.obj"
-input="./src/uart/r_rsk_async.obj"
-start=SU,SI,B_1,R_1,B_2,R_2,B,R/04,PResetPRG,C_1,C_2,C,C$*,D*,W*,L,PIntPRG,P/0FFFE0000,EXCEPTVECT/0FFFFFF80,RESETVECT/0FFFFFFFC
-library=E:\e2studio\workspace\ov7670\HardwareDebug\ov7670.lib
-noprelink
-list=ov7670.map
-show
-nooptimize
-debug
-output=E:\e2studio\workspace\ov7670\HardwareDebug\ov7670.abs
-rom=D=R,D_1=R_1,D_2=R_2
-nocompress
-nomessage
-nologo

*** Error information ***

*** Mapping List ***

SECTION                            START      END         SIZE   ALIGN

SU
                                  00000004  00000103       100   4
SI
                                  00000104  00000403       300   4
B_1
                                  00000404  000008b9       4b6   1
R_1
                                  000008ba  000008c3         a   1
B_2
                                  000008c4  00000ccf       40c   2
R_2
                                  00000cd0  00000cd1         2   2
B
                                  00000cd4  00000ce3        10   4
R
                                  00000ce4  00000ce7         4   4
PResetPRG
                                  fffe0000  fffe003d        3e   1
C_1
                                  fffe003e  fffe019d       160   1
C_2
                                  fffe019e  fffe019e         0   1
C
                                  fffe01a0  fffe01db        3c   4
C$DSEC
                                  fffe01dc  fffe01ff        24   4
C$BSEC
                                  fffe0200  fffe0217        18   4
C$INIT
                                  fffe0218  fffe0218         0   1
C$VECT
                                  fffe0218  fffe0617       400   4
C$VTBL
                                  fffe0618  fffe0618         0   1
D
                                  fffe0618  fffe061b         4   4
D_1
                                  fffe061c  fffe0625         a   1
D_2
                                  fffe0626  fffe0627         2   2
W
                                  fffe0628  fffe0628         0   1
W_1
                                  fffe0628  fffe0628         0   1
W_2
                                  fffe0628  fffe0628         0   1
L
                                  fffe0628  fffe0628         0   1
PIntPRG
                                  fffe0628  fffe0635         e   1
P
                                  fffe0636  fffe16c4      108f   1
EXCEPTVECT
                                  ffffff80  fffffffb        7c   4
RESETVECT
                                  fffffffc  ffffffff         4   4

*** Symbol List ***

SECTION=
FILE=                               START        END    SIZE
  SYMBOL                            ADDR        SIZE    INFO      COUNTS  OPT

SECTION=SU
FILE=.\src\cg_src\r_cg_resetprg.obj
                                  00000004  00000103       100

SECTION=SI
FILE=.\src\cg_src\r_cg_resetprg.obj
                                  00000104  00000403       300

SECTION=B_1
FILE=.\src\cg_src\r_cg_cmt_user.obj
                                  00000404  00000404         1
  _ov_frame
                                  00000404         1   data ,g         1
FILE=.\src\cg_src\r_cg_main.obj
                                  00000405  00000406         2
  _point_x
                                  00000405         1   data ,g         1
  _point_y
                                  00000406         1   data ,g         1
FILE=.\src\cg_src\r_cg_sci_user.obj
                                  00000407  00000408         2
  _sci1_txdone
                                  00000407         1   data ,l         6
  _sci5_txdone
                                  00000408         1   data ,l         4
FILE=.\src\ov7670\camera.obj
                                  00000409  000008b9       4b1
  _img_gray
                                  00000409       4b0   data ,l         4
  _gray
                                  000008b9         1   data ,g         0

SECTION=R_1
FILE=.\src\cg_src\r_cg_icu_user.obj
                                  000008ba  000008ba         1
  _ov_sta
                                  000008ba         1   data ,g         0
FILE=.\src\cg_src\r_cg_sci_user.obj
                                  000008bb  000008bb         1
  _g_tx_flag
                                  000008bb         1   data ,g         0
FILE=.\src\delay\delay.obj
                                  000008bc  000008bc         1
  _time_flag
                                  000008bc         1   data ,g         3
FILE=.\src\ov7670\camera.obj
                                  000008bd  000008c3         7
  _first_VSYNC
                                  000008bd         1   data ,l         3
  _start_get_image
                                  000008be         1   data ,l         4
  _new_frame_FIFO_ready
                                  000008bf         1   data ,l         3
  _start
                                  000008c0         2   data ,g         1
  _end
                                  000008c2         2   data ,g         1

SECTION=B_2
FILE=.\src\cg_src\r_cg_sbrk.obj
                                  000008c4  00000cc3       400
  _heap_area
                                  000008c4       400   data ,l         2
FILE=.\src\cg_src\r_cg_sci.obj
                                  00000cc4  00000ccf         c
  _g_sci1_tx_count
                                  00000cc4         2   data ,g         3
  _g_sci1_rx_count
                                  00000cc6         2   data ,g         4
  _g_sci1_rx_length
                                  00000cc8         2   data ,g         3
  _g_sci5_tx_count
                                  00000cca         2   data ,g         3
  _g_sci5_rx_count
                                  00000ccc         2   data ,g         4
  _g_sci5_rx_length
                                  00000cce         2   data ,g         3

SECTION=R_2
FILE=.\src\delay\delay.obj
                                  00000cd0  00000cd1         2
  _time_count
                                  00000cd0         2   data ,g         3

SECTION=B
FILE=.\src\cg_src\r_cg_sci.obj
                                  00000cd4  00000ce3        10
  _gp_sci1_tx_address
                                  00000cd4         4   data ,g         3
  _gp_sci1_rx_address
                                  00000cd8         4   data ,g         3
  _gp_sci5_tx_address
                                  00000cdc         4   data ,g         3
  _gp_sci5_rx_address
                                  00000ce0         4   data ,g         3

SECTION=R
FILE=.\src\cg_src\r_cg_sbrk.obj
                                  00000ce4  00000ce7         4
  _brk
                                  00000ce4         4   data ,l         3

SECTION=PResetPRG
FILE=.\src\cg_src\r_cg_resetprg.obj
                                  fffe0000  fffe003d        3e
  _PowerON_Reset_PC
                                  fffe0000        3e   entry,g         1

SECTION=C_1
FILE=.\src\ov7670\camera.obj
                                  fffe003e  fffe019d       160
  _ov7670_init_reg_tbl
                                  fffe003e       160   data ,g         1

SECTION=C
FILE=.\src\cg_src\r_cg_dbsct.obj
                                  fffe01a0  fffe01d3        34
  __CTBL
                                  fffe01a0        34   data ,g         0
FILE=.\src\ov7670\camera.obj
                                  fffe01d4  fffe01db         8
  _collect_w_step
                                  fffe01d4         4   data ,l         2
  _collect_h_step
                                  fffe01d8         4   data ,l         2

SECTION=C$DSEC
FILE=.\src\cg_src\r_cg_dbsct.obj
                                  fffe01dc  fffe01ff        24
  __DTBL
                                  fffe01dc        24   data ,g         0

SECTION=C$BSEC
FILE=.\src\cg_src\r_cg_dbsct.obj
                                  fffe0200  fffe0217        18
  __BTBL
                                  fffe0200        18   data ,g         0

SECTION=C$VECT
FILE=.\src\cg_src\r_cg_dbsct.obj
                                  fffe0218  fffe0617       400

SECTION=D
FILE=.\src\cg_src\r_cg_sbrk.obj
                                  fffe0618  fffe061b         4

SECTION=D_1
FILE=.\src\cg_src\r_cg_icu_user.obj
                                  fffe061c  fffe061c         1
FILE=.\src\cg_src\r_cg_sci_user.obj
                                  fffe061d  fffe061d         1
FILE=.\src\delay\delay.obj
                                  fffe061e  fffe061e         1
FILE=.\src\ov7670\camera.obj
                                  fffe061f  fffe0625         7

SECTION=D_2
FILE=.\src\delay\delay.obj
                                  fffe0626  fffe0627         2

SECTION=PIntPRG
FILE=.\src\cg_src\r_cg_intprg.obj
                                  fffe0628  fffe0635         e
  _r_undefined_exception
                                  fffe0628         2   func ,g         1
  _r_privileged_exception
                                  fffe062a         2   func ,g         1
  _r_floatingpoint_exception
                                  fffe062c         2   func ,g         1
  _r_access_exception
                                  fffe062e         2   func ,g         1
  _r_reserved_exception
                                  fffe0630         2   func ,g        13
  _r_nmi_exception
                                  fffe0632         2   func ,g         1
  _r_brk_exception
                                  fffe0634         2   func ,g         0

SECTION=P
FILE=.\src\cg_src\r_cg_cgc.obj
                                  fffe0636  fffe06d8        a3
  _R_CGC_Create
                                  fffe0636        a3   func ,g         1
FILE=.\src\cg_src\r_cg_cmt.obj
                                  fffe06d9  fffe0792        ba
  _R_CMT0_Create
                                  fffe06d9        34   func ,g         1
  _R_CMT0_Start
                                  fffe070d        13   func ,g         1
  _R_CMT0_Stop
                                  fffe0720        16   func ,g         0
  _R_CMT1_Create
                                  fffe0736        34   func ,g         1
  _R_CMT1_Start
                                  fffe076a        13   func ,g         0
  _R_CMT1_Stop
                                  fffe077d        16   func ,g         0
FILE=.\src\cg_src\r_cg_cmt_user.obj
                                  fffe0793  fffe07af        1d
  _r_cmt_cmi0_interrupt
                                  fffe0793         e   func ,l         0
  _r_cmt_cmi1_interrupt
                                  fffe07a1         f   func ,l         0
FILE=.\src\cg_src\r_cg_hardware_setup.obj
                                  fffe07b0  fffe07fe        4f
  _R_Systeminit
                                  fffe07b0        4b   func ,g         1
  _HardwareSetup
                                  fffe07fb         4   func ,g         1
FILE=.\src\cg_src\r_cg_icu.obj
                                  fffe07ff  fffe0852        54
  _R_ICU_Create
                                  fffe07ff        44   func ,g         1
  _R_ICU_IRQ0_Start
                                  fffe0843         8   func ,g         2
  _R_ICU_IRQ0_Stop
                                  fffe084b         8   func ,g         0
FILE=.\src\cg_src\r_cg_icu_user.obj
                                  fffe0853  fffe0860         e
  _r_icu_irq0_interrupt
                                  fffe0853         e   func ,l         0
FILE=.\src\cg_src\r_cg_main.obj
                                  fffe0861  fffe08a7        47
  _main
                                  fffe0861         8   func ,g         1
  _R_MAIN_UserInit
                                  fffe0869        3e   func ,l         1
  _write
                                  fffe08a7         1   func ,g         1
FILE=.\src\cg_src\r_cg_port.obj
                                  fffe08a8  fffe08e4        3d
  _R_PORT_Create
                                  fffe08a8        3d   func ,g         1
FILE=.\src\cg_src\r_cg_sbrk.obj
                                  fffe08e5  fffe0920        3c
  _sbrk
                                  fffe08e5        3c   func ,g         0
FILE=.\src\cg_src\r_cg_sci.obj
                                  fffe0921  fffe0c8e       36e
  _R_SCI1_Create
                                  fffe0921        99   func ,g         1
  _R_SCI1_Start
                                  fffe09ba        34   func ,g         2
  _R_SCI1_Stop
                                  fffe09ee        5c   func ,g         0
  _R_SCI1_Serial_Receive
                                  fffe0a4a        46   func ,g         0
  _R_SCI1_Serial_Send
                                  fffe0a90        48   func ,g         1
  _R_SCI5_Create
                                  fffe0ad8        99   func ,g         1
  _R_SCI5_Start
                                  fffe0b71        34   func ,g         1
  _R_SCI5_Stop
                                  fffe0ba5        5c   func ,g         0
  _R_SCI5_Serial_Receive
                                  fffe0c01        46   func ,g         0
  _R_SCI5_Serial_Send
                                  fffe0c47        48   func ,g         1
FILE=.\src\cg_src\r_cg_sci_user.obj
                                  fffe0c8f  fffe0f9a       30c
  _r_sci1_transmit_interrupt
                                  fffe0c8f        4c   func ,l         0
  _r_sci1_transmitend_interrupt
                                  fffe0cdb        2e   func ,l         0
  _r_sci1_receive_interrupt
                                  fffe0d09        60   func ,l         0
  _r_sci1_receiveerror_interrupt
                                  fffe0d69        31   func ,l         0
  _r_sci1_callback_transmitend
                                  fffe0d9a         a   func ,l         1
  _r_sci1_callback_receiveend
                                  fffe0da4         1   func ,l         1
  _r_sci1_callback_receiveerror
                                  fffe0da5         1   func ,l         1
  _r_sci5_transmit_interrupt
                                  fffe0da6        4c   func ,l         0
  _r_sci5_transmitend_interrupt
                                  fffe0df2        2e   func ,l         0
  _r_sci5_receive_interrupt
                                  fffe0e20        60   func ,l         0
  _r_sci5_receiveerror_interrupt
                                  fffe0e80        31   func ,l         0
  _r_sci5_callback_transmitend
                                  fffe0eb1         a   func ,l         1
  _r_sci5_callback_receiveend
                                  fffe0ebb         1   func ,l         1
  _r_sci5_callback_receiveerror
                                  fffe0ebc         1   func ,l         1
  _R_SCI1_AsyncTransmit
                                  fffe0ebd        32   func ,g         4
  _R_SCI5_AsyncTransmit
                                  fffe0eef        32   func ,g         2
  _r_sci5_sendonechar
                                  fffe0f21        3d   func ,g         0
  _r_sci1_sendoneWORD
                                  fffe0f5e        3d   func ,g         0
FILE=.\src\delay\delay.obj
                                  fffe0f9b  fffe1019        7f
  _CMT0_Init
                                  fffe0f9b         5   func ,g         0
  _delayms
                                  fffe0fa0        2f   func ,g         0
  _delay_ms
                                  fffe0fcf        1d   func ,g         0
  _delay_us
                                  fffe0fec        1b   func ,g        15
  _CMT0_IntHandler
                                  fffe1007        13   func ,g         1
FILE=.\src\ov7670\camera.obj
                                  fffe101a  fffe1424       40b
  _cam_init
                                  fffe101a        88   func ,g         1
  _read_img_from_FIFO
                                  fffe10a2        c5   func ,g         1
  _put_image_to_show
                                  fffe1167        27   func ,g         1
  _yuv_to_gray
                                  fffe118e        1b   func ,g         0
  _image_binaryzation
                                  fffe11a9        15   func ,g         1
  _image_binaryzation_fix
                                  fffe11be        3d   func ,g         1
  _detect_point
                                  fffe11fb        22   func ,g         1
  _point_detect
                                  fffe121d       104   func ,g         1
  _get_img
                                  fffe1321         a   func ,g         0
  _IRQ0_IntHandler
                                  fffe132b        61   func ,g         1
  _reset_read_FIFO
                                  fffe138c        2b   func ,l         1
  _get_data
                                  fffe13b7        51   func ,l         1
  _get_none
                                  fffe1408        1d   func ,l         1
FILE=.\src\ov7670\sccb.obj
                                  fffe1425  fffe1659       235
  _SCCB_Init
                                  fffe1425        18   func ,g         1
  _SCCB_Start
                                  fffe143d        2b   func ,g         3
  _SCCB_Stop
                                  fffe1468        2b   func ,g         3
  _SCCB_No_Ack
                                  fffe1493        39   func ,g         1
  _SCCB_WR_Byte
                                  fffe14cc        93   func ,g         6
  _SCCB_RD_Byte
                                  fffe155f        61   func ,g         1
  _SCCB_WR_Reg
                                  fffe15c0        48   func ,g         2
  _SCCB_RD_Reg
                                  fffe1608        52   func ,g         2
FILE=.\src\uart\r_rsk_async.obj
                                  fffe165a  fffe167a        21
  _R_ASYNC_Init
                                  fffe165a         5   func ,g         0
  _text_write
                                  fffe165f        1c   func ,g         0
FILE=__initsct
                                  fffe167b  fffe16c4        4a
  __INITSCT
                                  fffe167b         0   none ,g         1
  loop1
                                  fffe168d         0   none ,l         1
  next_loop1
                                  fffe169b         0   none ,l         2
  loop3
                                  fffe16ad         0   none ,l         1
  next_loop3
                                  fffe16be         0   none ,l         2

SECTION=EXCEPTVECT
FILE=.\src\cg_src\r_cg_vecttbl.obj
                                  ffffff80  fffffffb        7c
  _Excpt_Vectors
                                  ffffff80        7c   data ,g         0

SECTION=RESETVECT
FILE=.\src\cg_src\r_cg_vecttbl.obj
                                  fffffffc  ffffffff         4
  _Reset_Vectors
                                  fffffffc         4   data ,g         0

*** Unfilled Areas ***

AREA                                START    END

*** Delete Symbols ***

SYMBOL                                SIZE    INFO
