Renesas Optimizing Linker (W2.06.00 )             07-Aug-2017 23:08:30

*** Options ***

-subcommand=LinkerSubCommand.tmp
-input="./src/cg_src/r_cg_cgc.obj"
-input="./src/cg_src/r_cg_cgc_user.obj"
-input="./src/cg_src/r_cg_cmt.obj"
-input="./src/cg_src/r_cg_cmt_user.obj"
-input="./src/cg_src/r_cg_dbsct.obj"
-input="./src/cg_src/r_cg_hardware_setup.obj"
-input="./src/cg_src/r_cg_icu.obj"
-input="./src/cg_src/r_cg_icu_user.obj"
-input="./src/cg_src/r_cg_intprg.obj"
-input="./src/cg_src/r_cg_main.obj"
-input="./src/cg_src/r_cg_port.obj"
-input="./src/cg_src/r_cg_port_user.obj"
-input="./src/cg_src/r_cg_resetprg.obj"
-input="./src/cg_src/r_cg_sbrk.obj"
-input="./src/cg_src/r_cg_sci.obj"
-input="./src/cg_src/r_cg_sci_user.obj"
-input="./src/cg_src/r_cg_vecttbl.obj"
-input="./src/delay/delay.obj"
-input="./src/ov7670/camera.obj"
-input="./src/ov7670/sccb.obj"
-input="./src/uart/r_rsk_async.obj"
-start=SU,SI,B_1,R_1,B_2,R_2,B,R/04,PResetPRG,C_1,C_2,C,C$*,D*,W*,L,PIntPRG,P/0FFFE0000,EXCEPTVECT/0FFFFFF80,RESETVECT/0FFFFFFFC
-library=E:\e2studio\workspace\ov7670\HardwareDebug\ov7670.lib
-noprelink
-list=ov7670.map
-show
-nooptimize
-debug
-output=E:\e2studio\workspace\ov7670\HardwareDebug\ov7670.abs
-rom=D=R,D_1=R_1,D_2=R_2
-nocompress
-nomessage
-nologo

*** Error information ***

*** Mapping List ***

SECTION                            START      END         SIZE   ALIGN

SU
                                  00000004  00000103       100   4
SI
                                  00000104  00000403       300   4
B_1
                                  00000404  000016c9      12c6   1
R_1
                                  000016ca  000016d4         b   1
B_2
                                  000016d6  00001ae1       40c   2
R_2
                                  00001ae2  00001ae3         2   2
B
                                  00001ae4  00001af3        10   4
R
                                  00001af4  00001af7         4   4
PResetPRG
                                  fffe0000  fffe003d        3e   1
C_1
                                  fffe003e  fffe019d       160   1
C_2
                                  fffe019e  fffe019e         0   1
C
                                  fffe01a0  fffe01db        3c   4
C$DSEC
                                  fffe01dc  fffe01ff        24   4
C$BSEC
                                  fffe0200  fffe0217        18   4
C$INIT
                                  fffe0218  fffe0218         0   1
C$VECT
                                  fffe0218  fffe0617       400   4
C$VTBL
                                  fffe0618  fffe0618         0   1
D
                                  fffe0618  fffe061b         4   4
D_1
                                  fffe061c  fffe0626         b   1
D_2
                                  fffe0628  fffe0629         2   2
W
                                  fffe062a  fffe062a         0   1
W_1
                                  fffe062a  fffe062a         0   1
W_2
                                  fffe062a  fffe062a         0   1
L
                                  fffe062a  fffe062a         0   1
PIntPRG
                                  fffe062a  fffe0637         e   1
P
                                  fffe0638  fffe16d0      1099   1
EXCEPTVECT
                                  ffffff80  fffffffb        7c   4
RESETVECT
                                  fffffffc  ffffffff         4   4

*** Symbol List ***

SECTION=
FILE=                               START        END    SIZE
  SYMBOL                            ADDR        SIZE    INFO      COUNTS  OPT

SECTION=SU
FILE=.\src\cg_src\r_cg_resetprg.obj
                                  00000004  00000103       100

SECTION=SI
FILE=.\src\cg_src\r_cg_resetprg.obj
                                  00000104  00000403       300

SECTION=B_1
FILE=.\src\cg_src\r_cg_cmt_user.obj
                                  00000404  00000404         1
  _ov_frame
                                  00000404         1   data ,g         0
FILE=.\src\cg_src\r_cg_sci_user.obj
                                  00000405  00000406         2
  _sci1_txdone
                                  00000405         1   data ,l         6
  _sci5_txdone
                                  00000406         1   data ,l         4
FILE=.\src\ov7670\camera.obj
                                  00000407  000016c9      12c3
  _img_gray
                                  00000407      12c0   data ,l         4
  _gray
                                  000016c7         1   data ,g         0
  _point_x
                                  000016c8         1   data ,g         2
  _point_y
                                  000016c9         1   data ,g         2

SECTION=R_1
FILE=.\src\cg_src\r_cg_icu_user.obj
                                  000016ca  000016ca         1
  _ov_sta
                                  000016ca         1   data ,g         0
FILE=.\src\cg_src\r_cg_sci_user.obj
                                  000016cb  000016cb         1
  _g_tx_flag
                                  000016cb         1   data ,g         0
FILE=.\src\delay\delay.obj
                                  000016cc  000016cc         1
  _time_flag
                                  000016cc         1   data ,g         2
FILE=.\src\ov7670\camera.obj
                                  000016cd  000016d4         8
  _first_VSYNC
                                  000016cd         1   data ,l         3
  _start_get_image
                                  000016ce         1   data ,l         4
  _new_frame_FIFO_ready
                                  000016cf         1   data ,l         3
  _start
                                  000016d0         2   data ,g         1
  _end
                                  000016d2         2   data ,g         1
  _location_flag
                                  000016d4         1   data ,g         1

SECTION=B_2
FILE=.\src\cg_src\r_cg_sbrk.obj
                                  000016d6  00001ad5       400
  _heap_area
                                  000016d6       400   data ,l         2
FILE=.\src\cg_src\r_cg_sci.obj
                                  00001ad6  00001ae1         c
  _g_sci1_tx_count
                                  00001ad6         2   data ,g         3
  _g_sci1_rx_count
                                  00001ad8         2   data ,g         4
  _g_sci1_rx_length
                                  00001ada         2   data ,g         3
  _g_sci5_tx_count
                                  00001adc         2   data ,g         3
  _g_sci5_rx_count
                                  00001ade         2   data ,g         4
  _g_sci5_rx_length
                                  00001ae0         2   data ,g         3

SECTION=R_2
FILE=.\src\delay\delay.obj
                                  00001ae2  00001ae3         2
  _time_count
                                  00001ae2         2   data ,g         2

SECTION=B
FILE=.\src\cg_src\r_cg_sci.obj
                                  00001ae4  00001af3        10
  _gp_sci1_tx_address
                                  00001ae4         4   data ,g         3
  _gp_sci1_rx_address
                                  00001ae8         4   data ,g         3
  _gp_sci5_tx_address
                                  00001aec         4   data ,g         3
  _gp_sci5_rx_address
                                  00001af0         4   data ,g         3

SECTION=R
FILE=.\src\cg_src\r_cg_sbrk.obj
                                  00001af4  00001af7         4
  _brk
                                  00001af4         4   data ,l         3

SECTION=PResetPRG
FILE=.\src\cg_src\r_cg_resetprg.obj
                                  fffe0000  fffe003d        3e
  _PowerON_Reset_PC
                                  fffe0000        3e   entry,g         1

SECTION=C_1
FILE=.\src\ov7670\camera.obj
                                  fffe003e  fffe019d       160
  _ov7670_init_reg_tbl
                                  fffe003e       160   data ,g         1

SECTION=C
FILE=.\src\cg_src\r_cg_dbsct.obj
                                  fffe01a0  fffe01d3        34
  __CTBL
                                  fffe01a0        34   data ,g         0
FILE=.\src\ov7670\camera.obj
                                  fffe01d4  fffe01db         8
  _collect_w_step
                                  fffe01d4         4   data ,l         2
  _collect_h_step
                                  fffe01d8         4   data ,l         2

SECTION=C$DSEC
FILE=.\src\cg_src\r_cg_dbsct.obj
                                  fffe01dc  fffe01ff        24
  __DTBL
                                  fffe01dc        24   data ,g         0

SECTION=C$BSEC
FILE=.\src\cg_src\r_cg_dbsct.obj
                                  fffe0200  fffe0217        18
  __BTBL
                                  fffe0200        18   data ,g         0

SECTION=C$VECT
FILE=.\src\cg_src\r_cg_dbsct.obj
                                  fffe0218  fffe0617       400

SECTION=D
FILE=.\src\cg_src\r_cg_sbrk.obj
                                  fffe0618  fffe061b         4

SECTION=D_1
FILE=.\src\cg_src\r_cg_icu_user.obj
                                  fffe061c  fffe061c         1
FILE=.\src\cg_src\r_cg_sci_user.obj
                                  fffe061d  fffe061d         1
FILE=.\src\delay\delay.obj
                                  fffe061e  fffe061e         1
FILE=.\src\ov7670\camera.obj
                                  fffe061f  fffe0626         8

SECTION=D_2
FILE=.\src\delay\delay.obj
                                  fffe0628  fffe0629         2

SECTION=PIntPRG
FILE=.\src\cg_src\r_cg_intprg.obj
                                  fffe062a  fffe0637         e
  _r_undefined_exception
                                  fffe062a         2   func ,g         1
  _r_privileged_exception
                                  fffe062c         2   func ,g         1
  _r_floatingpoint_exception
                                  fffe062e         2   func ,g         1
  _r_access_exception
                                  fffe0630         2   func ,g         1
  _r_reserved_exception
                                  fffe0632         2   func ,g        13
  _r_nmi_exception
                                  fffe0634         2   func ,g         1
  _r_brk_exception
                                  fffe0636         2   func ,g         0

SECTION=P
FILE=.\src\cg_src\r_cg_cgc.obj
                                  fffe0638  fffe06da        a3
  _R_CGC_Create
                                  fffe0638        a3   func ,g         1
FILE=.\src\cg_src\r_cg_cmt.obj
                                  fffe06db  fffe0798        be
  _R_CMT0_Create
                                  fffe06db        38   func ,g         1
  _R_CMT0_Start
                                  fffe0713        13   func ,g         2
  _R_CMT0_Stop
                                  fffe0726        16   func ,g         0
  _R_CMT1_Create
                                  fffe073c        34   func ,g         1
  _R_CMT1_Start
                                  fffe0770        13   func ,g         0
  _R_CMT1_Stop
                                  fffe0783        16   func ,g         0
FILE=.\src\cg_src\r_cg_cmt_user.obj
                                  fffe0799  fffe07aa        12
  _r_cmt_cmi0_interrupt
                                  fffe0799        10   func ,l         0
  _r_cmt_cmi1_interrupt
                                  fffe07a9         2   func ,l         0
FILE=.\src\cg_src\r_cg_hardware_setup.obj
                                  fffe07ab  fffe07f9        4f
  _R_Systeminit
                                  fffe07ab        4b   func ,g         1
  _HardwareSetup
                                  fffe07f6         4   func ,g         1
FILE=.\src\cg_src\r_cg_icu.obj
                                  fffe07fa  fffe084d        54
  _R_ICU_Create
                                  fffe07fa        44   func ,g         1
  _R_ICU_IRQ0_Start
                                  fffe083e         8   func ,g         2
  _R_ICU_IRQ0_Stop
                                  fffe0846         8   func ,g         0
FILE=.\src\cg_src\r_cg_icu_user.obj
                                  fffe084e  fffe085b         e
  _r_icu_irq0_interrupt
                                  fffe084e         e   func ,l         0
FILE=.\src\cg_src\r_cg_main.obj
                                  fffe085c  fffe08ac        51
  _main
                                  fffe085c         8   func ,g         1
  _R_MAIN_UserInit
                                  fffe0864        48   func ,l         1
  _write
                                  fffe08ac         1   func ,g         1
FILE=.\src\cg_src\r_cg_port.obj
                                  fffe08ad  fffe08e9        3d
  _R_PORT_Create
                                  fffe08ad        3d   func ,g         1
FILE=.\src\cg_src\r_cg_sbrk.obj
                                  fffe08ea  fffe0925        3c
  _sbrk
                                  fffe08ea        3c   func ,g         0
FILE=.\src\cg_src\r_cg_sci.obj
                                  fffe0926  fffe0c93       36e
  _R_SCI1_Create
                                  fffe0926        99   func ,g         1
  _R_SCI1_Start
                                  fffe09bf        34   func ,g         2
  _R_SCI1_Stop
                                  fffe09f3        5c   func ,g         0
  _R_SCI1_Serial_Receive
                                  fffe0a4f        46   func ,g         0
  _R_SCI1_Serial_Send
                                  fffe0a95        48   func ,g         1
  _R_SCI5_Create
                                  fffe0add        99   func ,g         1
  _R_SCI5_Start
                                  fffe0b76        34   func ,g         1
  _R_SCI5_Stop
                                  fffe0baa        5c   func ,g         0
  _R_SCI5_Serial_Receive
                                  fffe0c06        46   func ,g         0
  _R_SCI5_Serial_Send
                                  fffe0c4c        48   func ,g         1
FILE=.\src\cg_src\r_cg_sci_user.obj
                                  fffe0c94  fffe0f9f       30c
  _r_sci1_transmit_interrupt
                                  fffe0c94        4c   func ,l         0
  _r_sci1_transmitend_interrupt
                                  fffe0ce0        2e   func ,l         0
  _r_sci1_receive_interrupt
                                  fffe0d0e        60   func ,l         0
  _r_sci1_receiveerror_interrupt
                                  fffe0d6e        31   func ,l         0
  _r_sci1_callback_transmitend
                                  fffe0d9f         a   func ,l         1
  _r_sci1_callback_receiveend
                                  fffe0da9         1   func ,l         1
  _r_sci1_callback_receiveerror
                                  fffe0daa         1   func ,l         1
  _r_sci5_transmit_interrupt
                                  fffe0dab        4c   func ,l         0
  _r_sci5_transmitend_interrupt
                                  fffe0df7        2e   func ,l         0
  _r_sci5_receive_interrupt
                                  fffe0e25        60   func ,l         0
  _r_sci5_receiveerror_interrupt
                                  fffe0e85        31   func ,l         0
  _r_sci5_callback_transmitend
                                  fffe0eb6         a   func ,l         1
  _r_sci5_callback_receiveend
                                  fffe0ec0         1   func ,l         1
  _r_sci5_callback_receiveerror
                                  fffe0ec1         1   func ,l         1
  _R_SCI1_AsyncTransmit
                                  fffe0ec2        32   func ,g         4
  _R_SCI5_AsyncTransmit
                                  fffe0ef4        32   func ,g         3
  _r_sci5_sendonechar
                                  fffe0f26        3d   func ,g         0
  _r_sci1_sendoneWORD
                                  fffe0f63        3d   func ,g         0
FILE=.\src\delay\delay.obj
                                  fffe0fa0  fffe100b        6c
  _CMT0_Init
                                  fffe0fa0         5   func ,g         0
  _delayms
                                  fffe0fa5        2f   func ,g         0
  _delay_ms
                                  fffe0fd4        1d   func ,g         0
  _delay_us
                                  fffe0ff1        1b   func ,g        15
FILE=.\src\ov7670\camera.obj
                                  fffe100c  fffe1430       425
  _cam_init
                                  fffe100c        88   func ,g         1
  _read_img_from_FIFO
                                  fffe1094        c5   func ,g         1
  _put_image_to_show
                                  fffe1159        27   func ,g         1
  _yuv_to_gray
                                  fffe1180        1b   func ,g         0
  _image_binaryzation
                                  fffe119b        15   func ,g         1
  _image_binaryzation_fix
                                  fffe11b0        3d   func ,g         1
  _detect_point
                                  fffe11ed        22   func ,g         1
  _point_detect
                                  fffe120f        f5   func ,g         1
  _get_img
                                  fffe1304         a   func ,g         0
  _CMT0_IntHandler
                                  fffe130e         4   func ,g         1
  _send_location
                                  fffe1312        25   func ,g         1
  _IRQ0_IntHandler
                                  fffe1337        61   func ,g         1
  _reset_read_FIFO
                                  fffe1398        2b   func ,l         1
  _get_data
                                  fffe13c3        51   func ,l         1
  _get_none
                                  fffe1414        1d   func ,l         1
FILE=.\src\ov7670\sccb.obj
                                  fffe1431  fffe1665       235
  _SCCB_Init
                                  fffe1431        18   func ,g         1
  _SCCB_Start
                                  fffe1449        2b   func ,g         3
  _SCCB_Stop
                                  fffe1474        2b   func ,g         3
  _SCCB_No_Ack
                                  fffe149f        39   func ,g         1
  _SCCB_WR_Byte
                                  fffe14d8        93   func ,g         6
  _SCCB_RD_Byte
                                  fffe156b        61   func ,g         1
  _SCCB_WR_Reg
                                  fffe15cc        48   func ,g         2
  _SCCB_RD_Reg
                                  fffe1614        52   func ,g         2
FILE=.\src\uart\r_rsk_async.obj
                                  fffe1666  fffe1686        21
  _R_ASYNC_Init
                                  fffe1666         5   func ,g         0
  _text_write
                                  fffe166b        1c   func ,g         0
FILE=__initsct
                                  fffe1687  fffe16d0        4a
  __INITSCT
                                  fffe1687         0   none ,g         1
  loop1
                                  fffe1699         0   none ,l         1
  next_loop1
                                  fffe16a7         0   none ,l         2
  loop3
                                  fffe16b9         0   none ,l         1
  next_loop3
                                  fffe16ca         0   none ,l         2

SECTION=EXCEPTVECT
FILE=.\src\cg_src\r_cg_vecttbl.obj
                                  ffffff80  fffffffb        7c
  _Excpt_Vectors
                                  ffffff80        7c   data ,g         0

SECTION=RESETVECT
FILE=.\src\cg_src\r_cg_vecttbl.obj
                                  fffffffc  ffffffff         4
  _Reset_Vectors
                                  fffffffc         4   data ,g         0

*** Unfilled Areas ***

AREA                                START    END

*** Delete Symbols ***

SYMBOL                                SIZE    INFO
